Microchip MPLAB XC8 Compiler V1.45 ()

Linker command line:

-W-3 --edf=C:\Program Files (x86)\Microchip\xc8\v1.45\dat\en_msgs.txt -cs \
  -h+dist/default/production\SMAC_Project.X.production.sym \
  --cmf=dist/default/production\SMAC_Project.X.production.cmf -z -Q16F1829 \
  -oC:\Users\valca\AppData\Local\Temp\s7ug.2 \
  -Mdist/default/production/SMAC_Project.X.production.map -E1 -ver=XC8 \
  -ASTACK=02082h-023efh -pstack=STACK -ACODE=00h-07FFhx4 \
  -ASTRCODE=00h-01FFFh -ASTRING=00h-0FFhx32 -ACONST=00h-0FFhx32 \
  -AENTRY=00h-0FFhx32 -ACOMMON=070h-07Fh -ABANK0=020h-06Fh \
  -ABANK1=0A0h-0EFh -ABANK2=0120h-016Fh -ABANK3=01A0h-01EFh \
  -ABANK4=0220h-026Fh -ABANK5=02A0h-02EFh -ABANK6=0320h-036Fh \
  -ABANK7=03A0h-03EFh -ABANK8=0420h-046Fh -ABANK9=04A0h-04EFh \
  -ABANK10=0520h-056Fh -ABANK11=05A0h-05EFh -ABANK12=0620h-064Fh \
  -ABIGRAM=02000h-023EFh \
  -ARAM=020h-06Fh,0A0h-0EFh,0120h-016Fh,01A0h-01EFh,0220h-026Fh,02A0h-02EFh,0320h-036Fh,03A0h-03EFh,0420h-046Fh,04A0h-04EFh,0520h-056Fh,05A0h-05EFh,0620h-064Fh \
  -AABS1=020h-07Fh,0A0h-0EFh,0120h-016Fh,01A0h-01EFh,0220h-026Fh,02A0h-02EFh,0320h-036Fh,03A0h-03EFh,0420h-046Fh,04A0h-04EFh,0520h-056Fh,05A0h-05EFh,0620h-064Fh \
  -ASFR0=00h-01Fh -ASFR1=080h-09Fh -ASFR2=0100h-011Fh -ASFR3=0180h-019Fh \
  -ASFR4=0200h-021Fh -ASFR5=0280h-029Fh -ASFR6=0300h-031Fh \
  -ASFR7=0380h-039Fh -ASFR8=0400h-041Fh -ASFR9=0480h-049Fh \
  -ASFR10=0500h-051Fh -ASFR11=0580h-059Fh -ASFR12=0600h-061Fh \
  -ASFR13=0680h-06EFh -ASFR14=0700h-076Fh -ASFR15=0780h-07EFh \
  -ASFR16=0800h-086Fh -ASFR17=0880h-08EFh -ASFR18=0900h-096Fh \
  -ASFR19=0980h-09EFh -ASFR20=0A00h-0A6Fh -ASFR21=0A80h-0AEFh \
  -ASFR22=0B00h-0B6Fh -ASFR23=0B80h-0BEFh -ASFR24=0C00h-0C6Fh \
  -ASFR25=0C80h-0CEFh -ASFR26=0D00h-0D6Fh -ASFR27=0D80h-0DEFh \
  -ASFR28=0E00h-0E6Fh -ASFR29=0E80h-0EEFh -ASFR30=0F00h-0F6Fh \
  -ASFR31=0F80h-0FEFh -preset_vec=00h,intentry,init,end_init -ppowerup=CODE \
  -pcinit=CODE -pfunctab=ENTRY -ACONFIG=08007h-08008h -pconfig=CONFIG \
  -DCONFIG=2 -AIDLOC=08000h-08003h -pidloc=IDLOC -DIDLOC=2 \
  -AEEDATA=00h-0FFh/0F000h -peeprom_data=EEDATA -DEEDATA=2 -DCODE=2 \
  -DSTRCODE=2 -DSTRING=2 -DCONST=2 -DENTRY=2 -k \
  C:\Users\valca\AppData\Local\Temp\s7ug.obj \
  dist/default/production\SMAC_Project.X.production.obj 

Object code version is 3.11

Machine type is 16F1829



                Name                               Link     Load   Length Selector   Space Scale
C:\Users\valca\AppData\Local\Temp\s7ug.obj
                end_init                              2        2        2        0       0
                reset_vec                             0        0        2        0       0
                config                             8007     8007        2    1000E       0
dist/default/production\SMAC_Project.X.production.obj
                cinit                               7E6      7E6       1A      FCC       0
                text36                             1441     1441        E     2882       0
                text35                             140A     140A        5     2814       0
                text34                             144F     144F        F     289E       0
                text33                             14EE     14EE       1C     29DC       0
                text32                             140F     140F        5     281E       0
                text31                             1414     1414        5     2828       0
                text30                             1419     1419        5     2832       0
                text29                             141E     141E        7     283C       0
                text28                             166E     166E       57     2CDC       0
                text27                             15CF     15CF       34     2B9E       0
                text26                                A        A       43       14       0
                text25                             1637     1637       37     2C6E       0
                text24                             16C5     16C5       5B     2D8A       0
                text23                             146F     146F       13     28DE       0
                text22                             14A8     14A8       16     2950       0
                text21                             15A0     15A0       2F     2B40       0
                text20                             1784     1784       7C     2F08       0
                text19                             1482     1482       13     2904       0
                text18                               D4       D4       91      1A8       0
                text17                             1527     1527       25     2A4E       0
                text16                             1720     1720       64     2E40       0
                text15                              2C2      2C2       F6      584       0
                text14                              165      165       A9      2CA       0
                text13                              20E      20E       B4      41C       0
                text12                             142C     142C        9     2858       0
                text11                               4D       4D       87       9A       0
                text10                             1495     1495       13     292A       0
                text9                              1435     1435        C     286A       0
                text8                              14D4     14D4       1A     29A8       0
                text7                              1603     1603       34     2C06       0
                text6                              1574     1574       2C     2AE8       0
                text5                              1425     1425        7     284A       0
                text4                               3B8      3B8      140      770       0
                text3                              14BE     14BE       16     297C       0
                text2                              145E     145E       11     28BC       0
                text1                              150A     150A       1D     2A14       0
                maintext                            4F8      4F8      2EE      9F0       0
                cstackBANK0                          20       20       4F       20       1
                cstackCOMMON                         70       70        E       70       1
                inittext                              4        4        6        0       0
                dataBANK1                            A0       A0       28       A0       1
                bssBANK1                             C8       C8        A       A0       1
                bssBANK0                             6F       6F        1       20       1
                stringtext11                       18CE     18CE        5     3000       0
                stringtext10                       18C9     18C9        5     3000       0
                stringtext9                        18BF     18BF        A     3000       0
                stringtext8                        18B3     18B3        C     3000       0
                stringtext7                        18A6     18A6        D     3000       0
                stringtext6                        1896     1896       10     3000       0
                stringtext5                        1885     1885       11     3000       0
                stringtext4                        1800     1800       45     3000       0
                stringtext3                        1845     1845       40     3000       0
                stringtext2                         DF0      DF0      300     1000       0
                stringtext1                         800      800      5F0     1000       0
                idataBANK1                         154C     154C       28     2A98       0

TOTAL           Name                               Link     Load   Length     Space
        CLASS   STACK          

        CLASS   CODE           
                end_init                              2        2        2         0
                cinit                               7E6      7E6       1A         0
                reset_vec                             0        0        2         0
                text36                             1441     1441        E         0
                text35                             140A     140A        5         0
                text34                             144F     144F        F         0
                text33                             14EE     14EE       1C         0
                text32                             140F     140F        5         0
                text31                             1414     1414        5         0
                text30                             1419     1419        5         0
                text29                             141E     141E        7         0
                text28                             166E     166E       57         0
                text27                             15CF     15CF       34         0
                text26                                A        A       43         0
                text25                             1637     1637       37         0
                text24                             16C5     16C5       5B         0
                text23                             146F     146F       13         0
                text22                             14A8     14A8       16         0
                text21                             15A0     15A0       2F         0
                text20                             1784     1784       7C         0
                text19                             1482     1482       13         0
                text18                               D4       D4       91         0
                text17                             1527     1527       25         0
                text16                             1720     1720       64         0
                text15                              2C2      2C2       F6         0
                text14                              165      165       A9         0
                text13                              20E      20E       B4         0
                text12                             142C     142C        9         0
                text11                               4D       4D       87         0
                text10                             1495     1495       13         0
                text9                              1435     1435        C         0
                text8                              14D4     14D4       1A         0
                text7                              1603     1603       34         0
                text6                              1574     1574       2C         0
                text5                              1425     1425        7         0
                text4                               3B8      3B8      140         0
                text3                              14BE     14BE       16         0
                text2                              145E     145E       11         0
                text1                              150A     150A       1D         0
                maintext                            4F8      4F8      2EE         0
                inittext                              4        4        6         0
                idataBANK1                         154C     154C       28         0

        CLASS   STRCODE        
                stringtext11                       18CE     18CE        5         0
                stringtext10                       18C9     18C9        5         0
                stringtext9                        18BF     18BF        A         0
                stringtext8                        18B3     18B3        C         0
                stringtext7                        18A6     18A6        D         0
                stringtext6                        1896     1896       10         0
                stringtext5                        1885     1885       11         0
                stringtext4                        1800     1800       45         0
                stringtext3                        1845     1845       40         0
                stringtext2                         DF0      DF0      300         0
                stringtext1                         800      800      5F0         0

        CLASS   STRING         

        CLASS   CONST          

        CLASS   ENTRY          

        CLASS   COMMON         
                cstackCOMMON                         70       70        E         1

        CLASS   BANK0          
                cstackBANK0                          20       20       4F         1
                bssBANK0                             6F       6F        1         1

        CLASS   BANK1          
                dataBANK1                            A0       A0       28         1
                bssBANK1                             C8       C8        A         1

        CLASS   BANK2          

        CLASS   BANK3          

        CLASS   BANK4          

        CLASS   BANK5          

        CLASS   BANK6          

        CLASS   BANK7          

        CLASS   BANK8          

        CLASS   BANK9          

        CLASS   BANK10         

        CLASS   BANK11         

        CLASS   BANK12         

        CLASS   BIGRAM         

        CLASS   RAM            

        CLASS   ABS1           
                abs_s1                               7E       7E        2         1

        CLASS   SFR0           

        CLASS   SFR1           

        CLASS   SFR2           

        CLASS   SFR3           

        CLASS   SFR4           

        CLASS   SFR5           

        CLASS   SFR6           

        CLASS   SFR7           

        CLASS   SFR8           

        CLASS   SFR9           

        CLASS   SFR10          

        CLASS   SFR11          

        CLASS   SFR12          

        CLASS   SFR13          

        CLASS   SFR14          

        CLASS   SFR15          

        CLASS   SFR16          

        CLASS   SFR17          

        CLASS   SFR18          

        CLASS   SFR19          

        CLASS   SFR20          

        CLASS   SFR21          

        CLASS   SFR22          

        CLASS   SFR23          

        CLASS   SFR24          

        CLASS   SFR25          

        CLASS   SFR26          

        CLASS   SFR27          

        CLASS   SFR28          

        CLASS   SFR29          

        CLASS   SFR30          

        CLASS   SFR31          

        CLASS   CONFIG         
                config                             8007     8007        2         0

        CLASS   IDLOC          

        CLASS   EEDATA         

        CLASS   BANK31         

        CLASS   BANK30         

        CLASS   BANK29         

        CLASS   BANK28         

        CLASS   BANK27         

        CLASS   BANK26         

        CLASS   BANK25         

        CLASS   BANK24         

        CLASS   BANK23         

        CLASS   BANK22         

        CLASS   BANK21         

        CLASS   BANK20         

        CLASS   BANK19         

        CLASS   BANK18         

        CLASS   BANK17         

        CLASS   BANK16         

        CLASS   BANK15         

        CLASS   BANK14         

        CLASS   BANK13         



SEGMENTS        Name                           Load    Length   Top    Selector   Space  Class     Delta

                reset_vec                      000000  00000A  00000A         0       0  CODE        2
                text26                         00000A  000043  00004D        14       0  CODE        2
                cstackBANK0                    000020  000050  000070        20       1  BANK0       1
                cstackCOMMON                   000070  00000E  00007E        70       1  COMMON      1
                text11                         00004D  000087  0000D4        9A       0  CODE        2
                dataBANK1                      0000A0  000032  0000D2        A0       1  BANK1       1
                text18                         0000D4  000091  000165       1A8       0  CODE        2
                text14                         000165  0000A9  00020E       2CA       0  CODE        2
                text13                         00020E  0000B4  0002C2       41C       0  CODE        2
                text15                         0002C2  0000F6  0003B8       584       0  CODE        2
                text4                          0003B8  000140  0004F8       770       0  CODE        2
                maintext                       0004F8  0002EE  0007E6       9F0       0  CODE        2
                cinit                          0007E6  00001A  000800       FCC       0  CODE        2
                stringtext1                    000800  0008F0  0010F0      1000       0  STRCODE     2
                text35                         00140A  000005  00140F      2814       0  CODE        2
                text32                         00140F  000005  001414      281E       0  CODE        2
                text31                         001414  000005  001419      2828       0  CODE        2
                text30                         001419  000005  00141E      2832       0  CODE        2
                text29                         00141E  000007  001425      283C       0  CODE        2
                text5                          001425  000007  00142C      284A       0  CODE        2
                text12                         00142C  000009  001435      2858       0  CODE        2
                text9                          001435  00000C  001441      286A       0  CODE        2
                text36                         001441  00000E  00144F      2882       0  CODE        2
                text34                         00144F  00000F  00145E      289E       0  CODE        2
                text2                          00145E  000011  00146F      28BC       0  CODE        2
                text23                         00146F  000013  001482      28DE       0  CODE        2
                text19                         001482  000013  001495      2904       0  CODE        2
                text10                         001495  000013  0014A8      292A       0  CODE        2
                text22                         0014A8  000016  0014BE      2950       0  CODE        2
                text3                          0014BE  000016  0014D4      297C       0  CODE        2
                text8                          0014D4  00001A  0014EE      29A8       0  CODE        2
                text33                         0014EE  00001C  00150A      29DC       0  CODE        2
                text1                          00150A  00001D  001527      2A14       0  CODE        2
                text17                         001527  000025  00154C      2A4E       0  CODE        2
                idataBANK1                     00154C  000028  001574      2A98       0  CODE        2
                text6                          001574  00002C  0015A0      2AE8       0  CODE        2
                text21                         0015A0  00002F  0015CF      2B40       0  CODE        2
                text27                         0015CF  000034  001603      2B9E       0  CODE        2
                text7                          001603  000034  001637      2C06       0  CODE        2
                text25                         001637  000037  00166E      2C6E       0  CODE        2
                text28                         00166E  000057  0016C5      2CDC       0  CODE        2
                text24                         0016C5  00005B  001720      2D8A       0  CODE        2
                text16                         001720  000064  001784      2E40       0  CODE        2
                text20                         001784  00007C  001800      2F08       0  CODE        2
                stringtext4                    001800  0000D3  0018D3      3000       0  STRCODE     2
                config                         008007  000002  008009     1000E       0  CONFIG      2


UNUSED ADDRESS RANGES

        Name                Unused          Largest block    Delta
        BANK1            000D2-000EF              1E           1
        BANK10           00520-0056F              50           1
        BANK11           005A0-005EF              50           1
        BANK12           00620-0064F              30           1
        BANK2            00120-0016F              50           1
        BANK3            001A0-001EF              50           1
        BANK4            00220-0026F              50           1
        BANK5            002A0-002EF              50           1
        BANK6            00320-0036F              50           1
        BANK7            003A0-003EF              50           1
        BANK8            00420-0046F              50           1
        BANK9            004A0-004EF              50           1
        BIGRAM           02000-023EF             3F0           1
        CODE             010F0-01409             31A           2
                         018D3-01FFF             72D
        CONST            010F0-01409             100           2
                         018D3-01FFF             100
        EEDATA           0F000-0F0FF             100           2
        ENTRY            010F0-01409             100           2
                         018D3-01FFF             100
        IDLOC            08000-08003               4           2
        RAM              000D2-000EF              1E           1
                         00120-0016F              50
                         001A0-001EF              50
                         00220-0026F              50
                         002A0-002EF              50
                         00320-0036F              50
                         003A0-003EF              50
                         00420-0046F              50
                         004A0-004EF              50
                         00520-0056F              50
                         005A0-005EF              50
                         00620-0064F              30
        SFR0             00000-0001F              20           1
        SFR1             00080-0009F              20           1
        SFR10            00500-0051F              20           1
        SFR11            00580-0059F              20           1
        SFR12            00600-0061F              20           1
        SFR13            00680-006EF              70           1
        SFR14            00700-0076F              70           1
        SFR15            00780-007EF              70           1
        SFR16            00800-0086F              70           1
        SFR17            00880-008EF              70           1
        SFR18            00900-0096F              70           1
        SFR19            00980-009EF              70           1
        SFR2             00100-0011F              20           1
        SFR20            00A00-00A6F              70           1
        SFR21            00A80-00AEF              70           1
        SFR22            00B00-00B6F              70           1
        SFR23            00B80-00BEF              70           1
        SFR24            00C00-00C6F              70           1
        SFR25            00C80-00CEF              70           1
        SFR26            00D00-00D6F              70           1
        SFR27            00D80-00DEF              70           1
        SFR28            00E00-00E6F              70           1
        SFR29            00E80-00EEF              70           1
        SFR3             00180-0019F              20           1
        SFR30            00F00-00F6F              70           1
        SFR31            00F80-00FEF              70           1
        SFR4             00200-0021F              20           1
        SFR5             00280-0029F              20           1
        SFR6             00300-0031F              20           1
        SFR7             00380-0039F              20           1
        SFR8             00400-0041F              20           1
        SFR9             00480-0049F              20           1
        STACK            02082-023EF             36E           1
        STRCODE          010F0-01409             31A           2
                         018D3-01FFF             72D
        STRING           010F0-01409             100           2
                         018D3-01FFF             100

                                  Symbol Table

?___ftadd                    cstackBANK0  00033
?___ftdiv                    cstackBANK0  00040
?___ftmul                    cstackBANK0  00020
?___ftneg                    cstackBANK0  00030
?___ftpack                   cstackCOMMON 00070
?___fttol                    cstackBANK0  00040
?___lwdiv                    cstackCOMMON 00070
?___lwmod                    cstackCOMMON 00078
?___lwtoft                   cstackCOMMON 00078
?__doprnt                    cstackBANK0  00020
?_printf                     cstackBANK0  0002D
?_sprintf                    cstackBANK0  0002D
A2D_Init@Chanel              cstackCOMMON 00070
I2C_LCD_Busy@Slave           cstackCOMMON 00077
I2C_LCD_Busy@Temp1           cstackCOMMON 00075
I2C_LCD_Busy@read_byte       cstackCOMMON 00076
I2C_LCD_Command@Cmd          cstackCOMMON 00078
I2C_LCD_Command@HiBytex      cstackCOMMON 0007C
I2C_LCD_Command@LoBytex      cstackCOMMON 0007D
I2C_LCD_Command@Slave        cstackCOMMON 0007B
I2C_LCD_Init@Slave           cstackCOMMON 0007A
I2C_LCD_Init@Tvar1           cstackCOMMON 00079
I2C_LCD_Pos@HiBytex          cstackCOMMON 0007C
I2C_LCD_Pos@LoBytex          cstackCOMMON 0007D
I2C_LCD_Pos@Pos              cstackCOMMON 00078
I2C_LCD_Pos@Slave            cstackCOMMON 0007B
I2C_LCD_SWrite@Data          cstackCOMMON 00078
I2C_LCD_SWrite@H             cstackBANK0  00021
I2C_LCD_SWrite@L             cstackBANK0  00022
I2C_LCD_SWrite@Max           cstackCOMMON 00079
I2C_LCD_SWrite@Slave         cstackBANK0  00020
I2C_LCD_SWrite@j             cstackBANK0  00023
SSD1306_Chr16@col            cstackCOMMON 00075
SSD1306_Chr16@color          cstackCOMMON 00077
SSD1306_Chr16@i              cstackBANK0  00023
SSD1306_Chr16@row            cstackBANK0  00022
SSD1306_Chr16@wChar          cstackCOMMON 00076
SSD1306_Cmd@wData            cstackCOMMON 00071
SSD1306_Data@wData           cstackCOMMON 00071
SSD1306_Fill@color           cstackCOMMON 00076
SSD1306_Fill@x               cstackCOMMON 00077
SSD1306_Fill@y               cstackCOMMON 00078
SSD1306_Out16@col            cstackBANK0  00024
SSD1306_Out16@color          cstackBANK0  00026
SSD1306_Out16@row            cstackBANK0  0002A
SSD1306_Out16@texto          cstackBANK0  00025
SSD1306_Set_Cursor@col       cstackCOMMON 00072
SSD1306_Set_Cursor@row       cstackCOMMON 00074
_A2D_Init                    text36       01441
_ADCON0                      (abs)        0009D
_ADCON1                      (abs)        0009E
_ADGO                        (abs)        004E9
_ADRESH                      (abs)        0009C
_ADRESL                      (abs)        0009B
_ANSELA                      (abs)        0018C
_ANSELB                      (abs)        0018D
_ANSELC                      (abs)        0018E
_BRGH                        (abs)        00CF2
_FVRCON                      (abs)        00117
_I2C_LCD_Busy                text28       0166E
_I2C_LCD_Command             text27       015CF
_I2C_LCD_Init                text26       0000A
_I2C_LCD_Pos                 text25       01637
_I2C_LCD_SWrite              text24       016C5
_INTCON                      (abs)        0000B
_OSCCON                      (abs)        00099
_Pval                        bssBANK1     000C8
_RA2                         (abs)        00062
_RB5                         (abs)        0006D
_RCIF                        (abs)        0008D
_RCREG                       (abs)        00199
_RCSTA                       (abs)        0019D
_RXDTSEL                     (abs)        008EF
_SPBRG                       (abs)        0019B
_SPEN                        (abs)        00CEF
_SSD1306_Chr16               text18       000D4
_SSD1306_Chr16$178           cstackBANK0  00020
_SSD1306_Cmd                 text23       0146F
_SSD1306_Data                text19       01482
_SSD1306_Fill                text21       015A0
_SSD1306_Font8x16            stringtext1  00800
_SSD1306_Font8x8             stringtext2  00DF0
_SSD1306_Graph8x8            stringtext3  01845
_SSD1306_Init                text20       01784
_SSD1306_Out16               text17       01527
_SSD1306_Set_Cursor          text22       014A8
_SSP1ADD                     (abs)        00212
_SSP1BUF                     (abs)        00211
_SSP1CON1                    (abs)        00215
_SSP1CON2                    (abs)        00216
_SSP1CON2bits                (abs)        00216
_SSP1STAT                    (abs)        00214
_SYNC                        (abs)        00CF4
_T1CON                       (abs)        00018
_TMR1H                       (abs)        00017
_TMR1L                       (abs)        00016
_TRISA                       (abs)        0008C
_TRISB                       (abs)        0008D
_TRISB4                      (abs)        0046C
_TRISB5                      (abs)        0046D
_TRISB6                      (abs)        0046E
_TRISC                       (abs)        0008E
_TRISC4                      (abs)        00474
_TRISC5                      (abs)        00475
_TSEN                        (abs)        008BD
_TSRNG                       (abs)        008BC
_TXCKSEL                     (abs)        008EA
_TXEN                        (abs)        00CF5
_TXIF                        (abs)        0008C
_TXREG                       (abs)        0019A
_TXSTA                       (abs)        0019E
_Temp                        bssBANK1     000CC
__CFG_BOREN$ON               (abs)        00000
__CFG_BORV$LO                (abs)        00000
__CFG_CLKOUTEN$OFF           (abs)        00000
__CFG_CP$OFF                 (abs)        00000
__CFG_CPD$OFF                (abs)        00000
__CFG_FCMEN$OFF              (abs)        00000
__CFG_FOSC$INTOSC            (abs)        00000
__CFG_IESO$OFF               (abs)        00000
__CFG_LVP$ON                 (abs)        00000
__CFG_MCLRE$ON               (abs)        00000
__CFG_PLLEN$OFF              (abs)        00000
__CFG_PWRTE$OFF              (abs)        00000
__CFG_STVREN$ON              (abs)        00000
__CFG_WDTE$OFF               (abs)        00000
__CFG_WRT$OFF                (abs)        00000
__Habs1                      abs1         00000
__Hbank0                     bank0        00000
__Hbank1                     bank1        00000
__Hbank10                    bank10       00000
__Hbank11                    bank11       00000
__Hbank12                    bank12       00000
__Hbank13                    bank13       00000
__Hbank14                    bank14       00000
__Hbank15                    bank15       00000
__Hbank16                    bank16       00000
__Hbank17                    bank17       00000
__Hbank18                    bank18       00000
__Hbank19                    bank19       00000
__Hbank2                     bank2        00000
__Hbank20                    bank20       00000
__Hbank21                    bank21       00000
__Hbank22                    bank22       00000
__Hbank23                    bank23       00000
__Hbank24                    bank24       00000
__Hbank25                    bank25       00000
__Hbank26                    bank26       00000
__Hbank27                    bank27       00000
__Hbank28                    bank28       00000
__Hbank29                    bank29       00000
__Hbank3                     bank3        00000
__Hbank30                    bank30       00000
__Hbank31                    bank31       00000
__Hbank4                     bank4        00000
__Hbank5                     bank5        00000
__Hbank6                     bank6        00000
__Hbank7                     bank7        00000
__Hbank8                     bank8        00000
__Hbank9                     bank9        00000
__Hbigram                    bigram       00000
__HbssBANK0                  bssBANK0     00000
__HbssBANK1                  bssBANK1     00000
__Hcinit                     cinit        00800
__Hclrtext                   clrtext      00000
__Hcode                      code         00000
__Hcommon                    common       00000
__Hconfig                    config       08009
__HcstackBANK0               cstackBANK0  00000
__HcstackCOMMON              cstackCOMMON 00000
__HdataBANK1                 dataBANK1    00000
__Heeprom_data               eeprom_data  00000
__Hend_init                  end_init     00004
__Hfunctab                   functab      00000
__HidataBANK1                idataBANK1   00000
__Hidloc                     idloc        00000
__Hinit                      init         00002
__Hinittext                  inittext     00000
__Hintentry                  intentry     00002
__Hmaintext                  maintext     00000
__Hpowerup                   powerup      00000
__Hram                       ram          00000
__Hreset_vec                 reset_vec    00002
__Hsfr0                      sfr0         00000
__Hsfr1                      sfr1         00000
__Hsfr10                     sfr10        00000
__Hsfr11                     sfr11        00000
__Hsfr12                     sfr12        00000
__Hsfr13                     sfr13        00000
__Hsfr14                     sfr14        00000
__Hsfr15                     sfr15        00000
__Hsfr16                     sfr16        00000
__Hsfr17                     sfr17        00000
__Hsfr18                     sfr18        00000
__Hsfr19                     sfr19        00000
__Hsfr2                      sfr2         00000
__Hsfr20                     sfr20        00000
__Hsfr21                     sfr21        00000
__Hsfr22                     sfr22        00000
__Hsfr23                     sfr23        00000
__Hsfr24                     sfr24        00000
__Hsfr25                     sfr25        00000
__Hsfr26                     sfr26        00000
__Hsfr27                     sfr27        00000
__Hsfr28                     sfr28        00000
__Hsfr29                     sfr29        00000
__Hsfr3                      sfr3         00000
__Hsfr30                     sfr30        00000
__Hsfr31                     sfr31        00000
__Hsfr4                      sfr4         00000
__Hsfr5                      sfr5         00000
__Hsfr6                      sfr6         00000
__Hsfr7                      sfr7         00000
__Hsfr8                      sfr8         00000
__Hsfr9                      sfr9         00000
__Hspace_0                   (abs)        08009
__Hspace_1                   (abs)        000D2
__Hspace_2                   (abs)        00000
__Hspace_3                   (abs)        00000
__Hstack                     stack        00000
__Hstrings                   strings      00000
__Hstringtext1               stringtext1  00000
__Hstringtext10              stringtext10 00000
__Hstringtext11              stringtext11 00000
__Hstringtext12              stringtext12 00000
__Hstringtext2               stringtext2  00000
__Hstringtext3               stringtext3  00000
__Hstringtext4               stringtext4  00000
__Hstringtext5               stringtext5  00000
__Hstringtext6               stringtext6  00000
__Hstringtext7               stringtext7  00000
__Hstringtext8               stringtext8  00000
__Hstringtext9               stringtext9  00000
__Htext                      text         00000
__Labs1                      abs1         00000
__Lbank0                     bank0        00000
__Lbank1                     bank1        00000
__Lbank10                    bank10       00000
__Lbank11                    bank11       00000
__Lbank12                    bank12       00000
__Lbank13                    bank13       00000
__Lbank14                    bank14       00000
__Lbank15                    bank15       00000
__Lbank16                    bank16       00000
__Lbank17                    bank17       00000
__Lbank18                    bank18       00000
__Lbank19                    bank19       00000
__Lbank2                     bank2        00000
__Lbank20                    bank20       00000
__Lbank21                    bank21       00000
__Lbank22                    bank22       00000
__Lbank23                    bank23       00000
__Lbank24                    bank24       00000
__Lbank25                    bank25       00000
__Lbank26                    bank26       00000
__Lbank27                    bank27       00000
__Lbank28                    bank28       00000
__Lbank29                    bank29       00000
__Lbank3                     bank3        00000
__Lbank30                    bank30       00000
__Lbank31                    bank31       00000
__Lbank4                     bank4        00000
__Lbank5                     bank5        00000
__Lbank6                     bank6        00000
__Lbank7                     bank7        00000
__Lbank8                     bank8        00000
__Lbank9                     bank9        00000
__Lbigram                    bigram       00000
__LbssBANK0                  bssBANK0     00000
__LbssBANK1                  bssBANK1     00000
__Lcinit                     cinit        007E6
__Lclrtext                   clrtext      00000
__Lcode                      code         00000
__Lcommon                    common       00000
__Lconfig                    config       08007
__LcstackBANK0               cstackBANK0  00000
__LcstackCOMMON              cstackCOMMON 00000
__LdataBANK1                 dataBANK1    00000
__Leeprom_data               eeprom_data  00000
__Lend_init                  end_init     00002
__Lfunctab                   functab      00000
__LidataBANK1                idataBANK1   00000
__Lidloc                     idloc        00000
__Linit                      init         00002
__Linittext                  inittext     00000
__Lintentry                  intentry     00002
__Lmaintext                  maintext     00000
__Lpowerup                   powerup      00000
__Lram                       ram          00000
__Lreset_vec                 reset_vec    00000
__Lsfr0                      sfr0         00000
__Lsfr1                      sfr1         00000
__Lsfr10                     sfr10        00000
__Lsfr11                     sfr11        00000
__Lsfr12                     sfr12        00000
__Lsfr13                     sfr13        00000
__Lsfr14                     sfr14        00000
__Lsfr15                     sfr15        00000
__Lsfr16                     sfr16        00000
__Lsfr17                     sfr17        00000
__Lsfr18                     sfr18        00000
__Lsfr19                     sfr19        00000
__Lsfr2                      sfr2         00000
__Lsfr20                     sfr20        00000
__Lsfr21                     sfr21        00000
__Lsfr22                     sfr22        00000
__Lsfr23                     sfr23        00000
__Lsfr24                     sfr24        00000
__Lsfr25                     sfr25        00000
__Lsfr26                     sfr26        00000
__Lsfr27                     sfr27        00000
__Lsfr28                     sfr28        00000
__Lsfr29                     sfr29        00000
__Lsfr3                      sfr3         00000
__Lsfr30                     sfr30        00000
__Lsfr31                     sfr31        00000
__Lsfr4                      sfr4         00000
__Lsfr5                      sfr5         00000
__Lsfr6                      sfr6         00000
__Lsfr7                      sfr7         00000
__Lsfr8                      sfr8         00000
__Lsfr9                      sfr9         00000
__Lspace_0                   (abs)        00000
__Lspace_1                   (abs)        00000
__Lspace_2                   (abs)        00000
__Lspace_3                   (abs)        00000
__Lstack                     stack        00000
__Lstrings                   strings      00000
__Lstringtext1               stringtext1  00000
__Lstringtext10              stringtext10 00000
__Lstringtext11              stringtext11 00000
__Lstringtext12              stringtext12 00000
__Lstringtext2               stringtext2  00000
__Lstringtext3               stringtext3  00000
__Lstringtext4               stringtext4  00000
__Lstringtext5               stringtext5  00000
__Lstringtext6               stringtext6  00000
__Lstringtext7               stringtext7  00000
__Lstringtext8               stringtext8  00000
__Lstringtext9               stringtext9  00000
__Ltext                      text         00000
__S0                         (abs)        08009
__S1                         (abs)        000D2
__S2                         (abs)        00000
__S3                         (abs)        00000
___ftadd                     text15       002C2
___ftadd@exp1                cstackBANK0  0003F
___ftadd@exp2                cstackBANK0  0003E
___ftadd@f1                  cstackBANK0  00033
___ftadd@f2                  cstackBANK0  00036
___ftadd@sign                cstackBANK0  0003D
___ftdiv                     text14       00165
___ftdiv@cntr                cstackBANK0  0004A
___ftdiv@exp                 cstackBANK0  0004E
___ftdiv@f1                  cstackBANK0  00043
___ftdiv@f2                  cstackBANK0  00040
___ftdiv@f3                  cstackBANK0  0004B
___ftdiv@sign                cstackBANK0  0004F
___ftmul                     text13       0020E
___ftmul@cntr                cstackBANK0  0002E
___ftmul@exp                 cstackBANK0  0002A
___ftmul@f1                  cstackBANK0  00020
___ftmul@f2                  cstackBANK0  00023
___ftmul@f3_as_product       cstackBANK0  0002B
___ftmul@sign                cstackBANK0  0002F
___ftneg                     text12       0142C
___ftneg@f1                  cstackBANK0  00030
___ftpack                    text16       01720
___ftpack@arg                cstackCOMMON 00070
___ftpack@exp                cstackCOMMON 00073
___ftpack@sign               cstackCOMMON 00074
___fttol                     text11       0004D
___fttol@exp1                cstackBANK0  0004D
___fttol@f1                  cstackBANK0  00040
___fttol@lval                cstackBANK0  00049
___fttol@sign1               cstackBANK0  00048
___int_sp                    stack        00000
___latbits                   (abs)        00002
___lwdiv                     text7        01603
___lwdiv@counter             cstackCOMMON 00077
___lwdiv@dividend            cstackCOMMON 00072
___lwdiv@divisor             cstackCOMMON 00070
___lwdiv@quotient            cstackCOMMON 00075
___lwmod                     text6        01574
___lwmod@counter             cstackCOMMON 0007D
___lwmod@dividend            cstackCOMMON 0007A
___lwmod@divisor             cstackCOMMON 00078
___lwtoft                    text10       01495
___lwtoft@c                  cstackCOMMON 00078
___sp                        stack        00000
__doprnt                     text4        003B8
__doprnt@ap                  cstackBANK0  00022
__doprnt@c                   cstackBANK0  0002B
__doprnt@f                   cstackBANK0  00020
__doprnt@flag                cstackBANK0  00027
__doprnt@pb                  cstackBANK0  0002C
__doprnt@prec                cstackBANK0  00028
__doprnt@val                 cstackBANK0  00029
__end_of_A2D_Init            text36       0144F
__end_of_I2C_LCD_Busy        text28       016C5
__end_of_I2C_LCD_Command     text27       01603
__end_of_I2C_LCD_Init        text26       0004D
__end_of_I2C_LCD_Pos         text25       0166E
__end_of_I2C_LCD_SWrite      text24       01720
__end_of_SSD1306_Chr16       text18       00165
__end_of_SSD1306_Cmd         text23       01482
__end_of_SSD1306_Data        text19       01495
__end_of_SSD1306_Fill        text21       015CF
__end_of_SSD1306_Font8x16    stringtext1  00DF0
__end_of_SSD1306_Font8x8     stringtext2  010F0
__end_of_SSD1306_Graph8x8    stringtext3  01885
__end_of_SSD1306_Init        text20       01800
__end_of_SSD1306_Out16       text17       0154C
__end_of_SSD1306_Set_Cursor  text22       014BE
__end_of___ftadd             text15       003B8
__end_of___ftdiv             text14       0020E
__end_of___ftmul             text13       002C2
__end_of___ftneg             text12       01435
__end_of___ftpack            text16       01784
__end_of___fttol             text11       000D4
__end_of___lwdiv             text7        01637
__end_of___lwmod             text6        015A0
__end_of___lwtoft            text10       014A8
__end_of__doprnt             text4        004F8
__end_of__initialization     cinit        007FD
__end_of_dpowers             stringtext4  0180A
__end_of_i2c_Address         text34       0145E
__end_of_i2c_Init            text9        01441
__end_of_i2c_Read            text33       0150A
__end_of_i2c_Restart         text32       01414
__end_of_i2c_Start           text31       01419
__end_of_i2c_Stop            text30       0141E
__end_of_i2c_Wait            text35       0140F
__end_of_i2c_Write           text29       01425
__end_of_main                maintext     007E6
__end_of_pinConfig_New       text8        014EE
__end_of_printf              text3        014D4
__end_of_putch               text5        0142C
__end_of_setup_comms         text2        0146F
__end_of_sprintf             text1        01527
__initialization             cinit        007E6
__pbssBANK0                  bssBANK0     0006F
__pbssBANK1                  bssBANK1     000C8
__pcstackBANK0               cstackBANK0  00020
__pcstackCOMMON              cstackCOMMON 00070
__pdataBANK1                 dataBANK1    000A0
__pidataBANK1                idataBANK1   0154C
__pmaintext                  maintext     004F8
__pstringtext1               stringtext1  00800
__pstringtext10              stringtext10 018C9
__pstringtext11              stringtext11 018CE
__pstringtext12              stringtext12 00000
__pstringtext2               stringtext2  00DF0
__pstringtext3               stringtext3  01845
__pstringtext4               stringtext4  01800
__pstringtext5               stringtext5  01885
__pstringtext6               stringtext6  01896
__pstringtext7               stringtext7  018A6
__pstringtext8               stringtext8  018B3
__pstringtext9               stringtext9  018BF
__ptext1                     text1        0150A
__ptext10                    text10       01495
__ptext11                    text11       0004D
__ptext12                    text12       0142C
__ptext13                    text13       0020E
__ptext14                    text14       00165
__ptext15                    text15       002C2
__ptext16                    text16       01720
__ptext17                    text17       01527
__ptext18                    text18       000D4
__ptext19                    text19       01482
__ptext2                     text2        0145E
__ptext20                    text20       01784
__ptext21                    text21       015A0
__ptext22                    text22       014A8
__ptext23                    text23       0146F
__ptext24                    text24       016C5
__ptext25                    text25       01637
__ptext26                    text26       0000A
__ptext27                    text27       015CF
__ptext28                    text28       0166E
__ptext29                    text29       0141E
__ptext3                     text3        014BE
__ptext30                    text30       01419
__ptext31                    text31       01414
__ptext32                    text32       0140F
__ptext33                    text33       014EE
__ptext34                    text34       0144F
__ptext35                    text35       0140A
__ptext36                    text36       01441
__ptext4                     text4        003B8
__ptext5                     text5        01425
__ptext6                     text6        01574
__ptext7                     text7        01603
__ptext8                     text8        014D4
__ptext9                     text9        01435
__size_of_A2D_Init           (abs)        00000
__size_of_I2C_LCD_Busy       (abs)        00000
__size_of_I2C_LCD_Command    (abs)        00000
__size_of_I2C_LCD_Init       (abs)        00000
__size_of_I2C_LCD_Pos        (abs)        00000
__size_of_I2C_LCD_SWrite     (abs)        00000
__size_of_SSD1306_Chr16      (abs)        00000
__size_of_SSD1306_Cmd        (abs)        00000
__size_of_SSD1306_Data       (abs)        00000
__size_of_SSD1306_Fill       (abs)        00000
__size_of_SSD1306_Init       (abs)        00000
__size_of_SSD1306_Out16      (abs)        00000
__size_of_SSD1306_Set_Cursor (abs)        00000
__size_of___ftadd            (abs)        00000
__size_of___ftdiv            (abs)        00000
__size_of___ftmul            (abs)        00000
__size_of___ftneg            (abs)        00000
__size_of___ftpack           (abs)        00000
__size_of___fttol            (abs)        00000
__size_of___lwdiv            (abs)        00000
__size_of___lwmod            (abs)        00000
__size_of___lwtoft           (abs)        00000
__size_of__doprnt            (abs)        00000
__size_of_i2c_Address        (abs)        00000
__size_of_i2c_Init           (abs)        00000
__size_of_i2c_Read           (abs)        00000
__size_of_i2c_Restart        (abs)        00000
__size_of_i2c_Start          (abs)        00000
__size_of_i2c_Stop           (abs)        00000
__size_of_i2c_Wait           (abs)        00000
__size_of_i2c_Write          (abs)        00000
__size_of_main               (abs)        00000
__size_of_pinConfig_New      (abs)        00000
__size_of_printf             (abs)        00000
__size_of_putch              (abs)        00000
__size_of_setup_comms        (abs)        00000
__size_of_sprintf            (abs)        00000
_dpowers                     stringtext4  01800
_i2c_Address                 text34       0144F
_i2c_Init                    text9        01435
_i2c_Read                    text33       014EE
_i2c_Restart                 text32       0140F
_i2c_Start                   text31       01414
_i2c_Stop                    text30       01419
_i2c_Wait                    text35       0140A
_i2c_Write                   text29       0141E
_main                        maintext     004F8
_pinConfig_New               text8        014D4
_printf                      text3        014BE
_putch                       text5        01425
_setup_comms                 text2        0145E
_sprintf                     text1        0150A
btemp                        (abs)        0007E
end_of_initialization        cinit        007FD
i2c_Address@address          cstackCOMMON 00072
i2c_Address@l_address        cstackCOMMON 00073
i2c_Address@mode             cstackCOMMON 00070
i2c_Read@ack                 cstackCOMMON 00071
i2c_Read@i2cReadData         cstackCOMMON 00072
i2c_Write@data               cstackCOMMON 00070
init_ram                     inittext     00004
intlevel0                    functab      00000
intlevel1                    functab      00000
intlevel2                    functab      00000
intlevel3                    functab      00000
intlevel4                    functab      00000
intlevel5                    functab      00000
main@Sout                    cstackBANK0  00058
main@Temperature             cstackBANK0  00055
main@Voltage                 cstackBANK0  0006C
printf@ap                    cstackBANK0  00036
printf@f                     cstackBANK0  0002D
printf@pb                    cstackBANK0  00037
putch@byte                   cstackCOMMON 00070
reset_vec                    reset_vec    00000
sprintf@ap                   cstackBANK0  00034
sprintf@f                    cstackBANK0  0002D
sprintf@pb                   cstackBANK0  00036
sprintf@wh                   cstackBANK0  00035
stackhi                      (abs)        023EF
stacklo                      (abs)        02082
start                        init         00002
start_initialization         cinit        007E6
wtemp0                       (abs)        0007E


FUNCTION INFORMATION:

 *************** function _main *****************
 Defined at:
		line 167 in file "SMAC.c"
 Parameters:    Size  Location     Type
		None
 Auto vars:     Size  Location     Type
  Voltage         3   76[BANK0 ] float 
  Temperature     3   53[BANK0 ] float 
  Sout           20   56[BANK0 ] unsigned char [20]
  i               2    0        unsigned int 
  Pot             2    0        unsigned int 
  j               1    0        unsigned char 
  LCD_pos         1    0        unsigned char 
 Return value:  Size  Location     Type
                  1    wreg      void 
 Registers used:
		wreg, fsr0l, fsr0h, fsr1l, fsr1h, status,2, status,0, pclath, cstack
 Tracked objects:
		On entry : 
		On exit  : 
		Unchanged: 
 Data sizes:     COMMON   BANK0   BANK1   BANK2   BANK3   BANK4   BANK5   BANK6   BANK7   BANK8   BANK9  BANK10  BANK11  BANK12
      Params:         0       0       0       0       0       0       0       0       0       0       0       0       0       0
      Locals:         0      26       0       0       0       0       0       0       0       0       0       0       0       0
      Temps:          0       5       0       0       0       0       0       0       0       0       0       0       0       0
      Totals:         0      31       0       0       0       0       0       0       0       0       0       0       0       0
Total ram usage:       31 bytes
 Hardware stack levels required when called:    6
 This function calls:
		_A2D_Init
		_I2C_LCD_Command
		_I2C_LCD_Init
		_I2C_LCD_Pos
		_I2C_LCD_SWrite
		_SSD1306_Fill
		_SSD1306_Init
		_SSD1306_Out16
		___ftadd
		___ftdiv
		___ftmul
		___ftneg
		___fttol
		___lwtoft
		_i2c_Init
		_pinConfig_New
		_printf
		_setup_comms
		_sprintf
 This function is called by:
		Startup code after reset
 This function uses a non-reentrant model


 *************** function _sprintf *****************
 Defined at:
		line 13 in file "C:\Program Files (x86)\Microchip\xc8\v1.45\sources\common\sprintf.c"
 Parameters:    Size  Location     Type
  wh              1    wreg     PTR unsigned char 
		 -> main@Sout(20), 
  f               2   13[BANK0 ] PTR const unsigned char 
		 -> STR_8(5), STR_7(13), STR_6(5), STR_5(10), 
		 -> STR_4(16), STR_3(12), STR_2(17), 
 Auto vars:     Size  Location     Type
  wh              1   21[BANK0 ] PTR unsigned char 
		 -> main@Sout(20), 
  pb              3   22[BANK0 ] struct __prbuf
  ap              1   20[BANK0 ] PTR void [1]
		 -> ?_sprintf(2), ?_printf(2), 
 Return value:  Size  Location     Type
                  2   13[BANK0 ] int 
 Registers used:
		wreg, fsr0l, fsr0h, fsr1l, fsr1h, status,2, status,0, pclath, cstack
 Tracked objects:
		On entry : 
		On exit  : 
		Unchanged: 
 Data sizes:     COMMON   BANK0   BANK1   BANK2   BANK3   BANK4   BANK5   BANK6   BANK7   BANK8   BANK9  BANK10  BANK11  BANK12
      Params:         0       6       0       0       0       0       0       0       0       0       0       0       0       0
      Locals:         0       5       0       0       0       0       0       0       0       0       0       0       0       0
      Temps:          0       1       0       0       0       0       0       0       0       0       0       0       0       0
      Totals:         0      12       0       0       0       0       0       0       0       0       0       0       0       0
Total ram usage:       12 bytes
 Hardware stack levels used:    1
 Hardware stack levels required when called:    2
 This function calls:
		__doprnt
 This function is called by:
		_main
 This function uses a non-reentrant model


 *************** function _setup_comms *****************
 Defined at:
		line 350 in file "SMAC.c"
 Parameters:    Size  Location     Type
		None
 Auto vars:     Size  Location     Type
		None
 Return value:  Size  Location     Type
                  1    wreg      void 
 Registers used:
		wreg
 Tracked objects:
		On entry : 
		On exit  : 
		Unchanged: 
 Data sizes:     COMMON   BANK0   BANK1   BANK2   BANK3   BANK4   BANK5   BANK6   BANK7   BANK8   BANK9  BANK10  BANK11  BANK12
      Params:         0       0       0       0       0       0       0       0       0       0       0       0       0       0
      Locals:         0       0       0       0       0       0       0       0       0       0       0       0       0       0
      Temps:          0       0       0       0       0       0       0       0       0       0       0       0       0       0
      Totals:         0       0       0       0       0       0       0       0       0       0       0       0       0       0
Total ram usage:        0 bytes
 Hardware stack levels used:    1
 This function calls:
		Nothing
 This function is called by:
		_main
 This function uses a non-reentrant model


 *************** function _printf *****************
 Defined at:
		line 13 in file "C:\Program Files (x86)\Microchip\xc8\v1.45\sources\common\printf.c"
 Parameters:    Size  Location     Type
  f               2   13[BANK0 ] PTR const unsigned char 
		 -> STR_9(59), STR_1(59), 
 Auto vars:     Size  Location     Type
  pb              3   23[BANK0 ] struct __prbuf
  ap              1   22[BANK0 ] PTR void [1]
		 -> ?_sprintf(2), ?_printf(2), 
 Return value:  Size  Location     Type
                  2   13[BANK0 ] int 
 Registers used:
		wreg, fsr0l, fsr0h, fsr1l, fsr1h, status,2, status,0, pclath, cstack
 Tracked objects:
		On entry : 
		On exit  : 
		Unchanged: 
 Data sizes:     COMMON   BANK0   BANK1   BANK2   BANK3   BANK4   BANK5   BANK6   BANK7   BANK8   BANK9  BANK10  BANK11  BANK12
      Params:         0       8       0       0       0       0       0       0       0       0       0       0       0       0
      Locals:         0       4       0       0       0       0       0       0       0       0       0       0       0       0
      Temps:          0       1       0       0       0       0       0       0       0       0       0       0       0       0
      Totals:         0      13       0       0       0       0       0       0       0       0       0       0       0       0
Total ram usage:       13 bytes
 Hardware stack levels used:    1
 Hardware stack levels required when called:    2
 This function calls:
		__doprnt
 This function is called by:
		_main
 This function uses a non-reentrant model


 *************** function __doprnt *****************
 Defined at:
		line 458 in file "C:\Program Files (x86)\Microchip\xc8\v1.45\sources\common\doprnt.c"
 Parameters:    Size  Location     Type
  pb              1    wreg     PTR struct __prbuf
		 -> sprintf@pb(3), printf@pb(3), 
  f               2    0[BANK0 ] PTR const unsigned char 
		 -> STR_9(59), STR_8(5), STR_7(13), STR_6(5), 
		 -> STR_5(10), STR_4(16), STR_3(12), STR_2(17), 
		 -> STR_1(59), 
  ap              1    2[BANK0 ] PTR PTR void 
		 -> sprintf@ap(1), printf@ap(1), 
 Auto vars:     Size  Location     Type
  pb              1   12[BANK0 ] PTR struct __prbuf
		 -> sprintf@pb(3), printf@pb(3), 
  tmpval          4    0        struct .
  val             2    9[BANK0 ] unsigned int 
  cp              2    0        PTR const unsigned char 
  len             2    0        unsigned int 
  c               1   11[BANK0 ] char 
  prec            1    8[BANK0 ] char 
  flag            1    7[BANK0 ] unsigned char 
 Return value:  Size  Location     Type
                  2    0[BANK0 ] int 
 Registers used:
		wreg, fsr0l, fsr0h, fsr1l, fsr1h, status,2, status,0, pclath, cstack
 Tracked objects:
		On entry : 
		On exit  : 
		Unchanged: 
 Data sizes:     COMMON   BANK0   BANK1   BANK2   BANK3   BANK4   BANK5   BANK6   BANK7   BANK8   BANK9  BANK10  BANK11  BANK12
      Params:         0       3       0       0       0       0       0       0       0       0       0       0       0       0
      Locals:         0       6       0       0       0       0       0       0       0       0       0       0       0       0
      Temps:          0       4       0       0       0       0       0       0       0       0       0       0       0       0
      Totals:         0      13       0       0       0       0       0       0       0       0       0       0       0       0
Total ram usage:       13 bytes
 Hardware stack levels used:    1
 Hardware stack levels required when called:    1
 This function calls:
		Absolute function
		___lwdiv
		___lwmod
		_putch
 This function is called by:
		_printf
		_sprintf
 This function uses a non-reentrant model


 *************** function _putch *****************
 Defined at:
		line 363 in file "SMAC.c"
 Parameters:    Size  Location     Type
  byte            1    0[COMMON] unsigned char 
 Auto vars:     Size  Location     Type
		None
 Return value:  Size  Location     Type
                  1    wreg      void 
 Registers used:
		wreg
 Tracked objects:
		On entry : 
		On exit  : 
		Unchanged: 
 Data sizes:     COMMON   BANK0   BANK1   BANK2   BANK3   BANK4   BANK5   BANK6   BANK7   BANK8   BANK9  BANK10  BANK11  BANK12
      Params:         1       0       0       0       0       0       0       0       0       0       0       0       0       0
      Locals:         0       0       0       0       0       0       0       0       0       0       0       0       0       0
      Temps:          0       0       0       0       0       0       0       0       0       0       0       0       0       0
      Totals:         1       0       0       0       0       0       0       0       0       0       0       0       0       0
Total ram usage:        1 bytes
 Hardware stack levels used:    1
 This function calls:
		Nothing
 This function is called by:
		_printf
		_getche
		__doprnt
 This function uses a non-reentrant model


 *************** function ___lwmod *****************
 Defined at:
		line 6 in file "C:\Program Files (x86)\Microchip\xc8\v1.45\sources\common\lwmod.c"
 Parameters:    Size  Location     Type
  divisor         2    8[COMMON] unsigned int 
  dividend        2   10[COMMON] unsigned int 
 Auto vars:     Size  Location     Type
  counter         1   13[COMMON] unsigned char 
 Return value:  Size  Location     Type
                  2    8[COMMON] unsigned int 
 Registers used:
		wreg, status,2, status,0
 Tracked objects:
		On entry : 
		On exit  : 
		Unchanged: 
 Data sizes:     COMMON   BANK0   BANK1   BANK2   BANK3   BANK4   BANK5   BANK6   BANK7   BANK8   BANK9  BANK10  BANK11  BANK12
      Params:         4       0       0       0       0       0       0       0       0       0       0       0       0       0
      Locals:         1       0       0       0       0       0       0       0       0       0       0       0       0       0
      Temps:          1       0       0       0       0       0       0       0       0       0       0       0       0       0
      Totals:         6       0       0       0       0       0       0       0       0       0       0       0       0       0
Total ram usage:        6 bytes
 Hardware stack levels used:    1
 This function calls:
		Nothing
 This function is called by:
		__doprnt
 This function uses a non-reentrant model


 *************** function ___lwdiv *****************
 Defined at:
		line 6 in file "C:\Program Files (x86)\Microchip\xc8\v1.45\sources\common\lwdiv.c"
 Parameters:    Size  Location     Type
  divisor         2    0[COMMON] unsigned int 
  dividend        2    2[COMMON] unsigned int 
 Auto vars:     Size  Location     Type
  quotient        2    5[COMMON] unsigned int 
  counter         1    7[COMMON] unsigned char 
 Return value:  Size  Location     Type
                  2    0[COMMON] unsigned int 
 Registers used:
		wreg, status,2, status,0
 Tracked objects:
		On entry : 
		On exit  : 
		Unchanged: 
 Data sizes:     COMMON   BANK0   BANK1   BANK2   BANK3   BANK4   BANK5   BANK6   BANK7   BANK8   BANK9  BANK10  BANK11  BANK12
      Params:         4       0       0       0       0       0       0       0       0       0       0       0       0       0
      Locals:         3       0       0       0       0       0       0       0       0       0       0       0       0       0
      Temps:          1       0       0       0       0       0       0       0       0       0       0       0       0       0
      Totals:         8       0       0       0       0       0       0       0       0       0       0       0       0       0
Total ram usage:        8 bytes
 Hardware stack levels used:    1
 This function calls:
		Nothing
 This function is called by:
		__doprnt
 This function uses a non-reentrant model


 *************** function _pinConfig_New *****************
 Defined at:
		line 335 in file "SMAC.c"
 Parameters:    Size  Location     Type
		None
 Auto vars:     Size  Location     Type
		None
 Return value:  Size  Location     Type
                  1    wreg      void 
 Registers used:
		wreg, status,2
 Tracked objects:
		On entry : 
		On exit  : 
		Unchanged: 
 Data sizes:     COMMON   BANK0   BANK1   BANK2   BANK3   BANK4   BANK5   BANK6   BANK7   BANK8   BANK9  BANK10  BANK11  BANK12
      Params:         0       0       0       0       0       0       0       0       0       0       0       0       0       0
      Locals:         0       0       0       0       0       0       0       0       0       0       0       0       0       0
      Temps:          0       0       0       0       0       0       0       0       0       0       0       0       0       0
      Totals:         0       0       0       0       0       0       0       0       0       0       0       0       0       0
Total ram usage:        0 bytes
 Hardware stack levels used:    1
 This function calls:
		Nothing
 This function is called by:
		_main
 This function uses a non-reentrant model


 *************** function _i2c_Init *****************
 Defined at:
		line 22 in file "i2c.h"
 Parameters:    Size  Location     Type
		None
 Auto vars:     Size  Location     Type
		None
 Return value:  Size  Location     Type
                  1    wreg      void 
 Registers used:
		wreg, status,2
 Tracked objects:
		On entry : 
		On exit  : 
		Unchanged: 
 Data sizes:     COMMON   BANK0   BANK1   BANK2   BANK3   BANK4   BANK5   BANK6   BANK7   BANK8   BANK9  BANK10  BANK11  BANK12
      Params:         0       0       0       0       0       0       0       0       0       0       0       0       0       0
      Locals:         0       0       0       0       0       0       0       0       0       0       0       0       0       0
      Temps:          0       0       0       0       0       0       0       0       0       0       0       0       0       0
      Totals:         0       0       0       0       0       0       0       0       0       0       0       0       0       0
Total ram usage:        0 bytes
 Hardware stack levels used:    1
 This function calls:
		Nothing
 This function is called by:
		_main
 This function uses a non-reentrant model


 *************** function ___lwtoft *****************
 Defined at:
		line 28 in file "C:\Program Files (x86)\Microchip\xc8\v1.45\sources\common\lwtoft.c"
 Parameters:    Size  Location     Type
  c               2    8[COMMON] unsigned int 
 Auto vars:     Size  Location     Type
		None
 Return value:  Size  Location     Type
                  3    8[COMMON] float 
 Registers used:
		wreg, status,2, status,0, pclath, cstack
 Tracked objects:
		On entry : 
		On exit  : 
		Unchanged: 
 Data sizes:     COMMON   BANK0   BANK1   BANK2   BANK3   BANK4   BANK5   BANK6   BANK7   BANK8   BANK9  BANK10  BANK11  BANK12
      Params:         3       0       0       0       0       0       0       0       0       0       0       0       0       0
      Locals:         0       0       0       0       0       0       0       0       0       0       0       0       0       0
      Temps:          1       0       0       0       0       0       0       0       0       0       0       0       0       0
      Totals:         4       0       0       0       0       0       0       0       0       0       0       0       0       0
Total ram usage:        4 bytes
 Hardware stack levels used:    1
 Hardware stack levels required when called:    1
 This function calls:
		___ftpack
 This function is called by:
		_main
 This function uses a non-reentrant model


 *************** function ___fttol *****************
 Defined at:
		line 44 in file "C:\Program Files (x86)\Microchip\xc8\v1.45\sources\common\fttol.c"
 Parameters:    Size  Location     Type
  f1              3   32[BANK0 ] float 
 Auto vars:     Size  Location     Type
  lval            4   41[BANK0 ] unsigned long 
  exp1            1   45[BANK0 ] unsigned char 
  sign1           1   40[BANK0 ] unsigned char 
 Return value:  Size  Location     Type
                  4   32[BANK0 ] long 
 Registers used:
		wreg, status,2, status,0
 Tracked objects:
		On entry : 
		On exit  : 
		Unchanged: 
 Data sizes:     COMMON   BANK0   BANK1   BANK2   BANK3   BANK4   BANK5   BANK6   BANK7   BANK8   BANK9  BANK10  BANK11  BANK12
      Params:         0       4       0       0       0       0       0       0       0       0       0       0       0       0
      Locals:         0       6       0       0       0       0       0       0       0       0       0       0       0       0
      Temps:          0       4       0       0       0       0       0       0       0       0       0       0       0       0
      Totals:         0      14       0       0       0       0       0       0       0       0       0       0       0       0
Total ram usage:       14 bytes
 Hardware stack levels used:    1
 This function calls:
		Nothing
 This function is called by:
		_main
 This function uses a non-reentrant model


 *************** function ___ftneg *****************
 Defined at:
		line 15 in file "C:\Program Files (x86)\Microchip\xc8\v1.45\sources\common\ftneg.c"
 Parameters:    Size  Location     Type
  f1              3   16[BANK0 ] float 
 Auto vars:     Size  Location     Type
		None
 Return value:  Size  Location     Type
                  3   16[BANK0 ] float 
 Registers used:
		wreg
 Tracked objects:
		On entry : 
		On exit  : 
		Unchanged: 
 Data sizes:     COMMON   BANK0   BANK1   BANK2   BANK3   BANK4   BANK5   BANK6   BANK7   BANK8   BANK9  BANK10  BANK11  BANK12
      Params:         0       3       0       0       0       0       0       0       0       0       0       0       0       0
      Locals:         0       0       0       0       0       0       0       0       0       0       0       0       0       0
      Temps:          0       0       0       0       0       0       0       0       0       0       0       0       0       0
      Totals:         0       3       0       0       0       0       0       0       0       0       0       0       0       0
Total ram usage:        3 bytes
 Hardware stack levels used:    1
 This function calls:
		Nothing
 This function is called by:
		_main
 This function uses a non-reentrant model


 *************** function ___ftmul *****************
 Defined at:
		line 62 in file "C:\Program Files (x86)\Microchip\xc8\v1.45\sources\common\ftmul.c"
 Parameters:    Size  Location     Type
  f1              3    0[BANK0 ] float 
  f2              3    3[BANK0 ] float 
 Auto vars:     Size  Location     Type
  f3_as_produc    3   11[BANK0 ] unsigned um
  sign            1   15[BANK0 ] unsigned char 
  cntr            1   14[BANK0 ] unsigned char 
  exp             1   10[BANK0 ] unsigned char 
 Return value:  Size  Location     Type
                  3    0[BANK0 ] float 
 Registers used:
		wreg, status,2, status,0, pclath, cstack
 Tracked objects:
		On entry : 
		On exit  : 
		Unchanged: 
 Data sizes:     COMMON   BANK0   BANK1   BANK2   BANK3   BANK4   BANK5   BANK6   BANK7   BANK8   BANK9  BANK10  BANK11  BANK12
      Params:         0       6       0       0       0       0       0       0       0       0       0       0       0       0
      Locals:         0       6       0       0       0       0       0       0       0       0       0       0       0       0
      Temps:          0       4       0       0       0       0       0       0       0       0       0       0       0       0
      Totals:         0      16       0       0       0       0       0       0       0       0       0       0       0       0
Total ram usage:       16 bytes
 Hardware stack levels used:    1
 Hardware stack levels required when called:    1
 This function calls:
		___ftpack
 This function is called by:
		_main
 This function uses a non-reentrant model


 *************** function ___ftdiv *****************
 Defined at:
		line 56 in file "C:\Program Files (x86)\Microchip\xc8\v1.45\sources\common\ftdiv.c"
 Parameters:    Size  Location     Type
  f2              3   32[BANK0 ] float 
  f1              3   35[BANK0 ] float 
 Auto vars:     Size  Location     Type
  f3              3   43[BANK0 ] float 
  sign            1   47[BANK0 ] unsigned char 
  exp             1   46[BANK0 ] unsigned char 
  cntr            1   42[BANK0 ] unsigned char 
 Return value:  Size  Location     Type
                  3   32[BANK0 ] float 
 Registers used:
		wreg, status,2, status,0, pclath, cstack
 Tracked objects:
		On entry : 
		On exit  : 
		Unchanged: 
 Data sizes:     COMMON   BANK0   BANK1   BANK2   BANK3   BANK4   BANK5   BANK6   BANK7   BANK8   BANK9  BANK10  BANK11  BANK12
      Params:         0       6       0       0       0       0       0       0       0       0       0       0       0       0
      Locals:         0       6       0       0       0       0       0       0       0       0       0       0       0       0
      Temps:          0       4       0       0       0       0       0       0       0       0       0       0       0       0
      Totals:         0      16       0       0       0       0       0       0       0       0       0       0       0       0
Total ram usage:       16 bytes
 Hardware stack levels used:    1
 Hardware stack levels required when called:    1
 This function calls:
		___ftpack
 This function is called by:
		_main
 This function uses a non-reentrant model


 *************** function ___ftadd *****************
 Defined at:
		line 86 in file "C:\Program Files (x86)\Microchip\xc8\v1.45\sources\common\ftadd.c"
 Parameters:    Size  Location     Type
  f1              3   19[BANK0 ] float 
  f2              3   22[BANK0 ] float 
 Auto vars:     Size  Location     Type
  exp1            1   31[BANK0 ] unsigned char 
  exp2            1   30[BANK0 ] unsigned char 
  sign            1   29[BANK0 ] unsigned char 
 Return value:  Size  Location     Type
                  3   19[BANK0 ] float 
 Registers used:
		wreg, status,2, status,0, pclath, cstack
 Tracked objects:
		On entry : 
		On exit  : 
		Unchanged: 
 Data sizes:     COMMON   BANK0   BANK1   BANK2   BANK3   BANK4   BANK5   BANK6   BANK7   BANK8   BANK9  BANK10  BANK11  BANK12
      Params:         0       6       0       0       0       0       0       0       0       0       0       0       0       0
      Locals:         0       3       0       0       0       0       0       0       0       0       0       0       0       0
      Temps:          0       4       0       0       0       0       0       0       0       0       0       0       0       0
      Totals:         0      13       0       0       0       0       0       0       0       0       0       0       0       0
Total ram usage:       13 bytes
 Hardware stack levels used:    1
 Hardware stack levels required when called:    1
 This function calls:
		___ftpack
 This function is called by:
		_main
 This function uses a non-reentrant model


 *************** function ___ftpack *****************
 Defined at:
		line 62 in file "C:\Program Files (x86)\Microchip\xc8\v1.45\sources\common\float.c"
 Parameters:    Size  Location     Type
  arg             3    0[COMMON] unsigned um
  exp             1    3[COMMON] unsigned char 
  sign            1    4[COMMON] unsigned char 
 Auto vars:     Size  Location     Type
		None
 Return value:  Size  Location     Type
                  3    0[COMMON] float 
 Registers used:
		wreg, status,2, status,0
 Tracked objects:
		On entry : 
		On exit  : 
		Unchanged: 
 Data sizes:     COMMON   BANK0   BANK1   BANK2   BANK3   BANK4   BANK5   BANK6   BANK7   BANK8   BANK9  BANK10  BANK11  BANK12
      Params:         5       0       0       0       0       0       0       0       0       0       0       0       0       0
      Locals:         0       0       0       0       0       0       0       0       0       0       0       0       0       0
      Temps:          3       0       0       0       0       0       0       0       0       0       0       0       0       0
      Totals:         8       0       0       0       0       0       0       0       0       0       0       0       0       0
Total ram usage:        8 bytes
 Hardware stack levels used:    1
 This function calls:
		Nothing
 This function is called by:
		___ftadd
		___ftdiv
		___ftmul
		___lwtoft
 This function uses a non-reentrant model


 *************** function _SSD1306_Out16 *****************
 Defined at:
		line 415 in file "SSD1306.h"
 Parameters:    Size  Location     Type
  row             1    wreg     unsigned char 
  col             1    4[BANK0 ] unsigned char 
  texto           1    5[BANK0 ] PTR unsigned char 
		 -> main@Sout(20), 
  color           1    6[BANK0 ] unsigned char 
 Auto vars:     Size  Location     Type
  row             1   10[BANK0 ] unsigned char 
 Return value:  Size  Location     Type
                  1    wreg      void 
 Registers used:
		wreg, fsr0l, fsr0h, fsr1l, fsr1h, status,2, status,0, pclath, cstack
 Tracked objects:
[...]
 Auto vars:     Size  Location     Type
  Slave           1   10[COMMON] unsigned char 
  Tvar1           1    9[COMMON] unsigned char 
 Return value:  Size  Location     Type
                  1    wreg      void 
 Registers used:
		wreg, status,2, status,0, pclath, cstack
 Tracked objects:
		On entry : 
		On exit  : 
		Unchanged: 
 Data sizes:     COMMON   BANK0   BANK1   BANK2   BANK3   BANK4   BANK5   BANK6   BANK7   BANK8   BANK9  BANK10  BANK11  BANK12
      Params:         0       0       0       0       0       0       0       0       0       0       0       0       0       0
      Locals:         2       0       0       0       0       0       0       0       0       0       0       0       0       0
      Temps:          1       0       0       0       0       0       0       0       0       0       0       0       0       0
      Totals:         3       0       0       0       0       0       0       0       0       0       0       0       0       0
Total ram usage:        3 bytes
 Hardware stack levels used:    1
 Hardware stack levels required when called:    3
 This function calls:
		_I2C_LCD_Busy
		_i2c_Address
		_i2c_Start
		_i2c_Stop
		_i2c_Write
 This function is called by:
		_main
 This function uses a non-reentrant model


 *************** function _I2C_LCD_Command *****************
 Defined at:
		line 97 in file "i2c_LCD.h"
 Parameters:    Size  Location     Type
  Slave           1    wreg     unsigned char 
  Cmd             1    8[COMMON] unsigned char 
 Auto vars:     Size  Location     Type
  Slave           1   11[COMMON] unsigned char 
  LoBytex         1   13[COMMON] unsigned char 
  HiBytex         1   12[COMMON] unsigned char 
 Return value:  Size  Location     Type
                  1    wreg      void 
 Registers used:
		wreg, status,2, status,0, pclath, cstack
 Tracked objects:
		On entry : 
		On exit  : 
		Unchanged: 
 Data sizes:     COMMON   BANK0   BANK1   BANK2   BANK3   BANK4   BANK5   BANK6   BANK7   BANK8   BANK9  BANK10  BANK11  BANK12
      Params:         1       0       0       0       0       0       0       0       0       0       0       0       0       0
      Locals:         3       0       0       0       0       0       0       0       0       0       0       0       0       0
      Temps:          2       0       0       0       0       0       0       0       0       0       0       0       0       0
      Totals:         6       0       0       0       0       0       0       0       0       0       0       0       0       0
Total ram usage:        6 bytes
 Hardware stack levels used:    1
 Hardware stack levels required when called:    3
 This function calls:
		_I2C_LCD_Busy
		_i2c_Address
		_i2c_Start
		_i2c_Stop
		_i2c_Write
 This function is called by:
		_main
 This function uses a non-reentrant model


 *************** function _I2C_LCD_Busy *****************
 Defined at:
		line 10 in file "i2c_LCD.h"
 Parameters:    Size  Location     Type
  Slave           1    wreg     unsigned char 
 Auto vars:     Size  Location     Type
  Slave           1    7[COMMON] unsigned char 
  read_byte       1    6[COMMON] unsigned char 
  Temp1           1    5[COMMON] unsigned char 
 Return value:  Size  Location     Type
                  1    wreg      unsigned char 
 Registers used:
		wreg, status,2, status,0, pclath, cstack
 Tracked objects:
		On entry : 
		On exit  : 
		Unchanged: 
 Data sizes:     COMMON   BANK0   BANK1   BANK2   BANK3   BANK4   BANK5   BANK6   BANK7   BANK8   BANK9  BANK10  BANK11  BANK12
      Params:         0       0       0       0       0       0       0       0       0       0       0       0       0       0
      Locals:         3       0       0       0       0       0       0       0       0       0       0       0       0       0
      Temps:          1       0       0       0       0       0       0       0       0       0       0       0       0       0
      Totals:         4       0       0       0       0       0       0       0       0       0       0       0       0       0
Total ram usage:        4 bytes
 Hardware stack levels used:    1
 Hardware stack levels required when called:    2
 This function calls:
		_i2c_Address
		_i2c_Read
		_i2c_Restart
		_i2c_Start
		_i2c_Stop
		_i2c_Write
 This function is called by:
		_I2C_LCD_Init
		_I2C_LCD_Pos
		_I2C_LCD_SWrite
		_I2C_LCD_Command
 This function uses a non-reentrant model


 *************** function _i2c_Write *****************
 Defined at:
		line 65 in file "i2c.h"
 Parameters:    Size  Location     Type
  data            1    wreg     unsigned char 
 Auto vars:     Size  Location     Type
  data            1    0[COMMON] unsigned char 
 Return value:  Size  Location     Type
                  1    wreg      void 
 Registers used:
		wreg, status,2, status,0, pclath, cstack
 Tracked objects:
		On entry : 
		On exit  : 
		Unchanged: 
 Data sizes:     COMMON   BANK0   BANK1   BANK2   BANK3   BANK4   BANK5   BANK6   BANK7   BANK8   BANK9  BANK10  BANK11  BANK12
      Params:         0       0       0       0       0       0       0       0       0       0       0       0       0       0
      Locals:         1       0       0       0       0       0       0       0       0       0       0       0       0       0
      Temps:          0       0       0       0       0       0       0       0       0       0       0       0       0       0
      Totals:         1       0       0       0       0       0       0       0       0       0       0       0       0       0
Total ram usage:        1 bytes
 Hardware stack levels used:    1
 Hardware stack levels required when called:    1
 This function calls:
		_i2c_Wait
 This function is called by:
		_SSD1306_Cmd
		_SSD1306_Data
		_SSD1306_Fill
		_I2C_LCD_Busy
		_I2C_LCD_Init
		_I2C_LCD_Pos
		_I2C_LCD_SWrite
		_I2C_LCD_Command
		_SSD1306_Image
 This function uses a non-reentrant model


 *************** function _i2c_Stop *****************
 Defined at:
		line 58 in file "i2c.h"
 Parameters:    Size  Location     Type
		None
 Auto vars:     Size  Location     Type
		None
 Return value:  Size  Location     Type
                  1    wreg      void 
 Registers used:
		wreg, status,2, status,0, pclath, cstack
 Tracked objects:
		On entry : 
		On exit  : 
		Unchanged: 
 Data sizes:     COMMON   BANK0   BANK1   BANK2   BANK3   BANK4   BANK5   BANK6   BANK7   BANK8   BANK9  BANK10  BANK11  BANK12
      Params:         0       0       0       0       0       0       0       0       0       0       0       0       0       0
      Locals:         0       0       0       0       0       0       0       0       0       0       0       0       0       0
      Temps:          0       0       0       0       0       0       0       0       0       0       0       0       0       0
      Totals:         0       0       0       0       0       0       0       0       0       0       0       0       0       0
Total ram usage:        0 bytes
 Hardware stack levels used:    1
 Hardware stack levels required when called:    1
 This function calls:
		_i2c_Wait
 This function is called by:
		_SSD1306_Cmd
		_SSD1306_Data
		_SSD1306_Fill
		_I2C_LCD_Busy
		_I2C_LCD_Init
		_I2C_LCD_Pos
		_I2C_LCD_SWrite
		_I2C_LCD_Command
		_SSD1306_Image
 This function uses a non-reentrant model


 *************** function _i2c_Start *****************
 Defined at:
		line 45 in file "i2c.h"
 Parameters:    Size  Location     Type
		None
 Auto vars:     Size  Location     Type
		None
 Return value:  Size  Location     Type
                  1    wreg      void 
 Registers used:
		wreg, status,2, status,0, pclath, cstack
 Tracked objects:
		On entry : 
		On exit  : 
		Unchanged: 
 Data sizes:     COMMON   BANK0   BANK1   BANK2   BANK3   BANK4   BANK5   BANK6   BANK7   BANK8   BANK9  BANK10  BANK11  BANK12
      Params:         0       0       0       0       0       0       0       0       0       0       0       0       0       0
      Locals:         0       0       0       0       0       0       0       0       0       0       0       0       0       0
      Temps:          0       0       0       0       0       0       0       0       0       0       0       0       0       0
      Totals:         0       0       0       0       0       0       0       0       0       0       0       0       0       0
Total ram usage:        0 bytes
 Hardware stack levels used:    1
 Hardware stack levels required when called:    1
 This function calls:
		_i2c_Wait
 This function is called by:
		_SSD1306_Cmd
		_SSD1306_Data
		_SSD1306_Fill
		_I2C_LCD_Busy
		_I2C_LCD_Init
		_I2C_LCD_Pos
		_I2C_LCD_SWrite
		_I2C_LCD_Command
		_SSD1306_Image
 This function uses a non-reentrant model


 *************** function _i2c_Restart *****************
 Defined at:
		line 52 in file "i2c.h"
 Parameters:    Size  Location     Type
		None
 Auto vars:     Size  Location     Type
		None
 Return value:  Size  Location     Type
                  1    wreg      void 
 Registers used:
		wreg, status,2, status,0, pclath, cstack
 Tracked objects:
		On entry : 
		On exit  : 
		Unchanged: 
 Data sizes:     COMMON   BANK0   BANK1   BANK2   BANK3   BANK4   BANK5   BANK6   BANK7   BANK8   BANK9  BANK10  BANK11  BANK12
      Params:         0       0       0       0       0       0       0       0       0       0       0       0       0       0
      Locals:         0       0       0       0       0       0       0       0       0       0       0       0       0       0
      Temps:          0       0       0       0       0       0       0       0       0       0       0       0       0       0
      Totals:         0       0       0       0       0       0       0       0       0       0       0       0       0       0
Total ram usage:        0 bytes
 Hardware stack levels used:    1
 Hardware stack levels required when called:    1
 This function calls:
		_i2c_Wait
 This function is called by:
		_I2C_LCD_Busy
 This function uses a non-reentrant model


 *************** function _i2c_Read *****************
 Defined at:
		line 84 in file "i2c.h"
 Parameters:    Size  Location     Type
  ack             1    wreg     unsigned char 
 Auto vars:     Size  Location     Type
  ack             1    1[COMMON] unsigned char 
  i2cReadData     1    2[COMMON] unsigned char 
 Return value:  Size  Location     Type
                  1    wreg      unsigned char 
 Registers used:
		wreg, status,2, status,0, pclath, cstack
 Tracked objects:
		On entry : 
		On exit  : 
		Unchanged: 
 Data sizes:     COMMON   BANK0   BANK1   BANK2   BANK3   BANK4   BANK5   BANK6   BANK7   BANK8   BANK9  BANK10  BANK11  BANK12
      Params:         0       0       0       0       0       0       0       0       0       0       0       0       0       0
      Locals:         2       0       0       0       0       0       0       0       0       0       0       0       0       0
      Temps:          1       0       0       0       0       0       0       0       0       0       0       0       0       0
      Totals:         3       0       0       0       0       0       0       0       0       0       0       0       0       0
Total ram usage:        3 bytes
 Hardware stack levels used:    1
 Hardware stack levels required when called:    1
 This function calls:
		_i2c_Wait
 This function is called by:
		_I2C_LCD_Busy
 This function uses a non-reentrant model


 *************** function _i2c_Address *****************
 Defined at:
		line 73 in file "i2c.h"
 Parameters:    Size  Location     Type
  address         1    wreg     unsigned char 
  mode            1    0[COMMON] unsigned char 
 Auto vars:     Size  Location     Type
  address         1    2[COMMON] unsigned char 
  l_address       1    3[COMMON] unsigned char 
 Return value:  Size  Location     Type
                  1    wreg      void 
 Registers used:
		wreg, status,2, status,0, pclath, cstack
 Tracked objects:
		On entry : 
		On exit  : 
		Unchanged: 
 Data sizes:     COMMON   BANK0   BANK1   BANK2   BANK3   BANK4   BANK5   BANK6   BANK7   BANK8   BANK9  BANK10  BANK11  BANK12
      Params:         1       0       0       0       0       0       0       0       0       0       0       0       0       0
      Locals:         2       0       0       0       0       0       0       0       0       0       0       0       0       0
      Temps:          1       0       0       0       0       0       0       0       0       0       0       0       0       0
      Totals:         4       0       0       0       0       0       0       0       0       0       0       0       0       0
Total ram usage:        4 bytes
 Hardware stack levels used:    1
 Hardware stack levels required when called:    1
 This function calls:
		_i2c_Wait
 This function is called by:
		_I2C_LCD_Busy
		_I2C_LCD_Init
		_I2C_LCD_Pos
		_I2C_LCD_SWrite
		_I2C_LCD_Command
 This function uses a non-reentrant model


 *************** function _i2c_Wait *****************
 Defined at:
		line 39 in file "i2c.h"
 Parameters:    Size  Location     Type
		None
 Auto vars:     Size  Location     Type
		None
 Return value:  Size  Location     Type
                  1    wreg      void 
 Registers used:
		wreg
 Tracked objects:
		On entry : 
		On exit  : 
		Unchanged: 
 Data sizes:     COMMON   BANK0   BANK1   BANK2   BANK3   BANK4   BANK5   BANK6   BANK7   BANK8   BANK9  BANK10  BANK11  BANK12
      Params:         0       0       0       0       0       0       0       0       0       0       0       0       0       0
      Locals:         0       0       0       0       0       0       0       0       0       0       0       0       0       0
      Temps:          0       0       0       0       0       0       0       0       0       0       0       0       0       0
      Totals:         0       0       0       0       0       0       0       0       0       0       0       0       0       0
Total ram usage:        0 bytes
 Hardware stack levels used:    1
 This function calls:
		Nothing
 This function is called by:
		_i2c_Start
		_i2c_Restart
		_i2c_Stop
		_i2c_Write
		_i2c_Address
		_i2c_Read
 This function uses a non-reentrant model


 *************** function _A2D_Init *****************
 Defined at:
		line 386 in file "SMAC.c"
 Parameters:    Size  Location     Type
  Chanel          2    0[COMMON] unsigned int 
 Auto vars:     Size  Location     Type
		None
 Return value:  Size  Location     Type
                  1    wreg      void 
 Registers used:
		wreg, status,2, status,0
 Tracked objects:
		On entry : 
		On exit  : 
		Unchanged: 
 Data sizes:     COMMON   BANK0   BANK1   BANK2   BANK3   BANK4   BANK5   BANK6   BANK7   BANK8   BANK9  BANK10  BANK11  BANK12
      Params:         2       0       0       0       0       0       0       0       0       0       0       0       0       0
      Locals:         0       0       0       0       0       0       0       0       0       0       0       0       0       0
      Temps:          1       0       0       0       0       0       0       0       0       0       0       0       0       0
      Totals:         3       0       0       0       0       0       0       0       0       0       0       0       0       0
Total ram usage:        3 bytes
 Hardware stack levels used:    1
 This function calls:
		Nothing
 This function is called by:
		_main
 This function uses a non-reentrant model



MODULE INFORMATION

Module		Function		Class		Link	Load	Size
C:\Program Files (x86)\Microchip\xc8\v1.45\sources\common\ftneg.c
		___ftneg       		CODE           	142C	0000	10

C:\Program Files (x86)\Microchip\xc8\v1.45\sources\common\ftneg.c estimated size: 10

C:\Program Files (x86)\Microchip\xc8\v1.45\sources\common\float.c
		___ftpack      		CODE           	1720	0000	101

C:\Program Files (x86)\Microchip\xc8\v1.45\sources\common\float.c estimated size: 101

C:\Program Files (x86)\Microchip\xc8\v1.45\sources\common\doprnt.c
		__doprnt       		CODE           	03B8	0000	321

C:\Program Files (x86)\Microchip\xc8\v1.45\sources\common\doprnt.c estimated size: 321

i2c.h
		_i2c_Address   		CODE           	144F	0000	16
		_i2c_Write     		CODE           	141E	0000	8
		_i2c_Stop      		CODE           	1419	0000	6
		_i2c_Wait      		CODE           	140A	0000	6
		_i2c_Read      		CODE           	14EE	0000	29
		_i2c_Init      		CODE           	1435	0000	13
		_i2c_Start     		CODE           	1414	0000	6
		_i2c_Restart   		CODE           	140F	0000	6

i2c.h estimated size: 90

SMAC.c
		_putch         		CODE           	1425	0000	8
		_pinConfig_New 		CODE           	14D4	0000	27
		_main          		CODE           	04F8	0000	751
		_A2D_Init      		CODE           	1441	0000	15
		_setup_comms   		CODE           	145E	0000	18

SMAC.c estimated size: 819

C:\Program Files (x86)\Microchip\xc8\v1.45\sources\common\lwmod.c
		___lwmod       		CODE           	1574	0000	45

C:\Program Files (x86)\Microchip\xc8\v1.45\sources\common\lwmod.c estimated size: 45

C:\Program Files (x86)\Microchip\xc8\v1.45\sources\common\ftmul.c
		___ftmul       		CODE           	020E	0000	181

C:\Program Files (x86)\Microchip\xc8\v1.45\sources\common\ftmul.c estimated size: 181

C:\Program Files (x86)\Microchip\xc8\v1.45\sources\common\ftdiv.c
		___ftdiv       		CODE           	0165	0000	170

C:\Program Files (x86)\Microchip\xc8\v1.45\sources\common\ftdiv.c estimated size: 170

SSD1306.h
		_SSD1306_Set_Cursor		CODE           	14A8	0000	23
		_SSD1306_Cmd   		CODE           	146F	0000	20
		_SSD1306_Data  		CODE           	1482	0000	20
		_SSD1306_Fill  		CODE           	15A0	0000	48
		_SSD1306_Init  		CODE           	1784	0000	125
		_SSD1306_Chr16 		CODE           	00D4	0000	146
		_SSD1306_Out16 		CODE           	1527	0000	38

SSD1306.h estimated size: 420

C:\Program Files (x86)\Microchip\xc8\v1.45\sources\common\sprintf.c
		_sprintf       		CODE           	150A	0000	30

C:\Program Files (x86)\Microchip\xc8\v1.45\sources\common\sprintf.c estimated size: 30

C:\Program Files (x86)\Microchip\xc8\v1.45\sources\common\printf.c
		_printf        		CODE           	14BE	0000	23

C:\Program Files (x86)\Microchip\xc8\v1.45\sources\common\printf.c estimated size: 23

shared
		_SSD1306_Font8x16		STRCODE        	0800	0000	1521
		_SSD1306_Graph8x8		STRCODE        	1845	0000	65
		_dpowers       		STRCODE        	1800	0000	11
		__initialization		CODE           	07E6	0000	24
		_SSD1306_Font8x8		STRCODE        	0DF0	0000	769

shared estimated size: 2390

C:\Program Files (x86)\Microchip\xc8\v1.45\sources\common\fttol.c
		___fttol       		CODE           	004D	0000	136

C:\Program Files (x86)\Microchip\xc8\v1.45\sources\common\fttol.c estimated size: 136

i2c_LCD.h
		_I2C_LCD_SWrite		CODE           	16C5	0000	92
		_I2C_LCD_Command		CODE           	15CF	0000	53
		_I2C_LCD_Pos   		CODE           	1637	0000	56
		_I2C_LCD_Init  		CODE           	000A	0000	68
		_I2C_LCD_Busy  		CODE           	166E	0000	88

i2c_LCD.h estimated size: 357

C:\Program Files (x86)\Microchip\xc8\v1.45\sources\common\lwdiv.c
		___lwdiv       		CODE           	1603	0000	53

C:\Program Files (x86)\Microchip\xc8\v1.45\sources\common\lwdiv.c estimated size: 53

C:\Program Files (x86)\Microchip\xc8\v1.45\sources\common\ftadd.c
		___ftadd       		CODE           	02C2	0000	247

C:\Program Files (x86)\Microchip\xc8\v1.45\sources\common\ftadd.c estimated size: 247

C:\Program Files (x86)\Microchip\xc8\v1.45\sources\common\lwtoft.c
		___lwtoft      		CODE           	1495	0000	20

C:\Program Files (x86)\Microchip\xc8\v1.45\sources\common\lwtoft.c estimated size: 20

